在绑定属性时，如果我们直接把属性暴露出去，虽然写起来很简单，但是，没办法检查参数，导致可以把成绩随便改：s = Student()
s.score = 9999
class Student(object):

    def get_score(self):
         return self._score

    def set_score(self, value):
        if not isinstance(value, int):
            raise ValueError('score must be an integer!')
        if value < 0 or value > 100:
            raise ValueError('score must between 0 ~ 100!')
        self._score = value
现在，对任意的Student实例进行操作，就不能随心所欲地设置score了：>>> s = Student()
>>> s.set_score(60) # ok!
>>> s.get_score()
60
>>> s.set_score(9999)
Traceback (most recent call last):
  ...
ValueError: score must between 0 ~ 100!
但是，上面的调用方法又略显复杂，没有直接用属性这么直接简单。有没有既能检查参数，又可以用类似属性这样简单的方式来访问类的变量呢？对于追求完美的Python程序员来说，这是必须要做到的！class Student(object):

    @property
    def score(self):
        return self._score

    @score.setter
    def score(self, value):
        if not isinstance(value, int):
            raise ValueError('score must be an integer!')
        if value < 0 or value > 100:
            raise ValueError('score must between 0 ~ 100!')
        self._score = value
>>> s = Student()
>>> s.score = 60 # OK，实际转化为s.set_score(60)
>>> s.score # OK，实际转化为s.get_score()
60
>>> s.score = 9999
Traceback (most recent call last):
  ...
ValueError: score must between 0 ~ 100!
还可以定义只读属性，只定义getter方法，不定义setter方法就是一个只读属性：class Student(object):

    @property
    def birth(self):
        return self._birth

    @birth.setter
    def birth(self, value):
        self._birth = value

    @property
    def age(self):
        return 2015 - self._birth

# -*- coding: utf-8 -*-

class Screen(object):
----
    pass
----
# test:
s = Screen()
s.width = 1024
s.height = 768
print(s.resolution)
assert s.resolution == 786432, '1024 * 768 = %d ?' % s.resolution
use_property.pyuse_property.pyhttps://github.com/michaelliao/learn-python3/blob/master/samples/oop_advance/use_property.py