动态语言和静态语言最大的不同，就是函数和类的定义，不是编译时定义的，而是运行时动态创建的。class Hello(object):
    def hello(self, name='world'):
        print('Hello, %s.' % name)
>>> from hello import Hello
>>> h = Hello()
>>> h.hello()
Hello, world.
>>> print(type(Hello))
<class 'type'>
>>> print(type(h))
<class 'hello.Hello'>
>>> def fn(self, name='world'): # 先定义函数
...     print('Hello, %s.' % name)
...
>>> Hello = type('Hello', (object,), dict(hello=fn)) # 创建Hello class
>>> h = Hello()
>>> h.hello()
Hello, world.
>>> print(type(Hello))
<class 'type'>
>>> print(type(h))
<class '__main__.Hello'>
class的名称；继承的父类集合，注意Python支持多重继承，如果只有一个父类，别忘了tuple的单元素写法；metaclass，直译为元类，简单的解释就是：当我们定义了类以后，就可以根据这个类创建出实例，所以：先定义类，然后创建实例。但是如果我们想创建出类呢？那就必须根据metaclass创建出类，所以：先定义metaclass，然后创建类。连接起来就是：先定义metaclass，就可以创建类，最后创建实例。所以，metaclass允许你创建类或者修改类。换句话说，你可以把类看成是metaclass创建出来的“实例”。metaclass是Python面向对象里最难理解，也是最难使用的魔术代码。正常情况下，你不会碰到需要使用metaclass的情况，所以，以下内容看不懂也没关系，因为基本上你不会用到。# metaclass是类的模板，所以必须从`type`类型派生：
class ListMetaclass(type):
    def __new__(cls, name, bases, attrs):
        attrs['add'] = lambda self, value: self.append(value)
        return type.__new__(cls, name, bases, attrs)
class MyList(list, metaclass=ListMetaclass):
    pass
当前准备创建的类的对象；类的名字；类继承的父类集合；类的方法集合。>>> L = MyList()
>>> L.add(1)
>> L
[1]
>>> L2 = list()
>>> L2.add(1)
Traceback (most recent call last):
  File "<stdin>", line 1, in <module>
AttributeError: 'list' object has no attribute 'add'
但是，总会遇到需要通过metaclass修改类定义的。ORM就是一个典型的例子。ORM全称“Object Relational Mapping”，即对象-关系映射，就是把关系数据库的一行映射为一个对象，也就是一个类对应一个表，这样，写代码更简单，不用直接操作SQL语句。要编写一个ORM框架，所有的类都只能动态定义，因为只有使用者才能根据表的结构定义出对应的类来。让我们来尝试编写一个ORM框架。class User(Model):
    # 定义类的属性到列的映射：
    id = IntegerField('id')
    name = StringField('username')
    email = StringField('email')
    password = StringField('password')

# 创建一个实例：
u = User(id=12345, name='Michael', email='test@orm.org', password='my-pwd')
# 保存到数据库：
u.save()
现在，我们就按上面的接口来实现该ORM。class Field(object):

    def __init__(self, name, column_type):
        self.name = name
        self.column_type = column_type

    def __str__(self):
        return '<%s:%s>' % (self.__class__.__name__, self.name)
class StringField(Field):

    def __init__(self, name):
        super(StringField, self).__init__(name, 'varchar(100)')

class IntegerField(Field):

    def __init__(self, name):
        super(IntegerField, self).__init__(name, 'bigint')
class ModelMetaclass(type):

    def __new__(cls, name, bases, attrs):
        if name=='Model':
            return type.__new__(cls, name, bases, attrs)
        print('Found model: %s' % name)
        mappings = dict()
        for k, v in attrs.items():
            if isinstance(v, Field):
                print('Found mapping: %s ==> %s' % (k, v))
                mappings[k] = v
        for k in mappings.keys():
            attrs.pop(k)
        attrs['__mappings__'] = mappings # 保存属性和列的映射关系
        attrs['__table__'] = name # 假设表名和类名一致
        return type.__new__(cls, name, bases, attrs)
class Model(dict, metaclass=ModelMetaclass):

    def __init__(self, **kw):
        super(Model, self).__init__(**kw)

    def __getattr__(self, key):
        try:
            return self[key]
        except KeyError:
            raise AttributeError(r"'Model' object has no attribute '%s'" % key)

    def __setattr__(self, key, value):
        self[key] = value

    def save(self):
        fields = []
        params = []
        args = []
        for k, v in self.__mappings__.items():
            fields.append(v.name)
            params.append('?')
            args.append(getattr(self, k, None))
        sql = 'insert into %s (%s) values (%s)' % (self.__table__, ','.join(fields), ','.join(params))
        print('SQL: %s' % sql)
        print('ARGS: %s' % str(args))
编写代码试试：u = User(id=12345, name='Michael', email='test@orm.org', password='my-pwd')
u.save()
输出如下：Found model: User
Found mapping: email ==> <StringField:email>
Found mapping: password ==> <StringField:password>
Found mapping: id ==> <IntegerField:uid>
Found mapping: name ==> <StringField:username>
SQL: insert into User (password,email,username,id) values (?,?,?,?)
ARGS: ['my-pwd', 'test@orm.org', 'Michael', 12345]
不到100行代码，我们就通过metaclass实现了一个精简的ORM框架。metaclass是Python中非常具有魔术性的对象，它可以改变类创建时的行为。这种强大的功能使用起来务必小心。create_class_on_the_fly.pycreate_class_on_the_fly.pyhttps://github.com/michaelliao/learn-python3/blob/master/samples/oop_advance/create_class_on_the_fly.pyuse_metaclass.pyuse_metaclass.pyhttps://github.com/michaelliao/learn-python3/blob/master/samples/oop_advance/use_metaclass.pyorm.pyorm.pyhttps://github.com/michaelliao/learn-python3/blob/master/samples/oop_advance/orm.py